Component: ARM Compiler 5.06 update 6 (build 750) Tool: armlink [4d35ed]

==============================================================================

Section Cross References

    struct_code.o(myCode) refers to adc.o(.text) for adc_init
    struct_code.o(myCode) refers to struct_code.o(myConstants) for DISPLAY_BIT
    datainit_ctboard.o(.text) refers (Weak) to startup_ctboard.o(STACK) for Stack_Mem
    datainit_ctboard.o(.text) refers to struct_code.o(myCode) for main
    startup_ctboard.o(RESET) refers to startup_ctboard.o(STACK) for __initial_sp
    startup_ctboard.o(RESET) refers to startup_ctboard.o(.text) for Reset_Handler
    startup_ctboard.o(.text) refers to system_ctboard.o(.text) for __system
    startup_ctboard.o(.text) refers to datainit_ctboard.o(.text) for __main
    system_ctboard.o(.text) refers to hal_gpio.o(.text) for hal_gpio_init_alternate
    system_ctboard.o(.text) refers to rt_memcpy.o(.emb_text) for __aeabi_memcpy4
    system_ctboard.o(.text) refers to hal_fmc.o(.text) for hal_fmc_init_sram
    system_ctboard.o(.text) refers to hal_rcc.o(.text) for hal_rcc_reset
    system_ctboard.o(.text) refers to hal_pwr.o(.text) for hal_pwr_set_overdrive
    hal_gpio.o(.text) refers to aeabi_sdiv.o(.text) for __aeabi_idivmod
    hal_rcc.o(.text) refers to hal_rcc.o(i.__ARM_common_switch8) for __ARM_common_switch8
    rt_memcpy.o(.text) refers to rt_memcpy.o(.emb_text) for __aeabi_memcpy4
    aeabi_idiv0_sigfpe.o(.text) refers to rt_div0.o(.text) for __rt_div0
    rt_div0.o(.text) refers to defsig_fpe_outer.o(.text) for __rt_SIGFPE
    defsig_fpe_outer.o(.text) refers to defsig_fpe_inner.o(.text) for __rt_SIGFPE_inner
    defsig_fpe_outer.o(.text) refers to defsig_exit.o(.text) for __sig_exit
    defsig_fpe_formal.o(.text) refers to rt_raise.o(.text) for __rt_raise
    rt_raise.o(.text) refers to __raise.o(.text) for __raise
    rt_raise.o(.text) refers to sys_exit.o(.text) for _sys_exit
    defsig_exit.o(.text) refers to sys_exit.o(.text) for _sys_exit
    defsig_fpe_inner.o(.text) refers to defsig_general.o(.text) for __default_signal_display
    sys_exit.o(.text) refers (Special) to use_no_semi.o(.text) for __I$use$semihosting
    sys_exit.o(.text) refers (Special) to indicate_semi.o(.text) for __semihosting_library_function
    __raise.o(.text) refers to defsig.o(CL$$defsig) for __default_signal_handler
    defsig_general.o(.text) refers to sys_wrch.o(.text) for _ttywrch
    sys_wrch.o(.text) refers (Special) to use_no_semi.o(.text) for __I$use$semihosting
    sys_wrch.o(.text) refers (Special) to indicate_semi.o(.text) for __semihosting_library_function
    defsig.o(CL$$defsig) refers to defsig_fpe_inner.o(.text) for __rt_SIGFPE_inner
    defsig_abrt_inner.o(.text) refers to defsig_general.o(.text) for __default_signal_display
    defsig_rtred_inner.o(.text) refers to defsig_general.o(.text) for __default_signal_display
    defsig_rtmem_inner.o(.text) refers to defsig_general.o(.text) for __default_signal_display
    defsig_stak_inner.o(.text) refers to defsig_general.o(.text) for __default_signal_display
    defsig_pvfn_inner.o(.text) refers to defsig_general.o(.text) for __default_signal_display
    defsig_cppl_inner.o(.text) refers to defsig_general.o(.text) for __default_signal_display
    defsig_segv_inner.o(.text) refers to defsig_general.o(.text) for __default_signal_display
    defsig_other.o(.text) refers to defsig_general.o(.text) for __default_signal_display


==============================================================================

Removing Unused input sections from the image.

    Removing startup_ctboard.o(HEAP), (2048 bytes).

1 unused section(s) (total 2048 bytes) removed from the image.

==============================================================================

Image Symbol Table

    Local Symbols

    Symbol Name                              Value     Ov Type        Size  Object(Section)

    ../clib/angel/rt.s                       0x00000000   Number         0  aeabi_idiv0.o ABSOLUTE
    ../clib/angel/rt.s                       0x00000000   Number         0  rt_div0.o ABSOLUTE
    ../clib/angel/rt.s                       0x00000000   Number         0  rt_raise.o ABSOLUTE
    ../clib/angel/rt.s                       0x00000000   Number         0  aeabi_idiv0_sigfpe.o ABSOLUTE
    ../clib/angel/sys.s                      0x00000000   Number         0  indicate_semi.o ABSOLUTE
    ../clib/angel/sys.s                      0x00000000   Number         0  use_no_semi.o ABSOLUTE
    ../clib/angel/sysapp.c                   0x00000000   Number         0  sys_wrch.o ABSOLUTE
    ../clib/angel/sysapp.c                   0x00000000   Number         0  sys_exit.o ABSOLUTE
    ../clib/division.s                       0x00000000   Number         0  aeabi_sdiv_div0.o ABSOLUTE
    ../clib/division.s                       0x00000000   Number         0  aeabi_sdiv.o ABSOLUTE
    ../clib/memcpset.c                       0x00000000   Number         0  rt_memcpy.o ABSOLUTE
    ../clib/memcpset.c                       0x00000000   Number         0  rt_memcpy.o ABSOLUTE
    ../clib/signal.c                         0x00000000   Number         0  defsig_segv_inner.o ABSOLUTE
    ../clib/signal.c                         0x00000000   Number         0  defsig_general.o ABSOLUTE
    ../clib/signal.c                         0x00000000   Number         0  __raise.o ABSOLUTE
    ../clib/signal.c                         0x00000000   Number         0  defsig_abrt_inner.o ABSOLUTE
    ../clib/signal.c                         0x00000000   Number         0  defsig_fpe_inner.o ABSOLUTE
    ../clib/signal.c                         0x00000000   Number         0  defsig_exit.o ABSOLUTE
    ../clib/signal.c                         0x00000000   Number         0  defsig_fpe_formal.o ABSOLUTE
    ../clib/signal.c                         0x00000000   Number         0  defsig_fpe_outer.o ABSOLUTE
    ../clib/signal.c                         0x00000000   Number         0  defsig_other.o ABSOLUTE
    ../clib/signal.c                         0x00000000   Number         0  defsig_rtred_inner.o ABSOLUTE
    ../clib/signal.c                         0x00000000   Number         0  defsig_rtmem_inner.o ABSOLUTE
    ../clib/signal.c                         0x00000000   Number         0  defsig_stak_inner.o ABSOLUTE
    ../clib/signal.c                         0x00000000   Number         0  defsig_pvfn_inner.o ABSOLUTE
    ../clib/signal.c                         0x00000000   Number         0  defsig_cppl_inner.o ABSOLUTE
    ../clib/signal.s                         0x00000000   Number         0  defsig.o ABSOLUTE
    RTE\Device\CT_Board_HS14_M0\datainit_ctboard.s 0x00000000   Number         0  datainit_ctboard.o ABSOLUTE
    RTE\Device\CT_Board_HS14_M0\startup_ctboard.s 0x00000000   Number         0  startup_ctboard.o ABSOLUTE
    RTE\Device\CT_Board_HS14_M0\system_ctboard.c 0x00000000   Number         0  system_ctboard.o ABSOLUTE
    RTE\HAL\CT_Board_HS14_M0\hal_fmc.c       0x00000000   Number         0  hal_fmc.o ABSOLUTE
    RTE\HAL\CT_Board_HS14_M0\hal_gpio.c      0x00000000   Number         0  hal_gpio.o ABSOLUTE
    RTE\HAL\CT_Board_HS14_M0\hal_pwr.c       0x00000000   Number         0  hal_pwr.o ABSOLUTE
    RTE\HAL\CT_Board_HS14_M0\hal_rcc.c       0x00000000   Number         0  hal_rcc.o ABSOLUTE
    app\adc.c                                0x00000000   Number         0  adc.o ABSOLUTE
    app\struct_code.s                        0x00000000   Number         0  struct_code.o ABSOLUTE
    dc.s                                     0x00000000   Number         0  dc.o ABSOLUTE
    RESET                                    0x08000000   Section      428  startup_ctboard.o(RESET)
    .emb_text                                0x080001ac   Section       56  rt_memcpy.o(.emb_text)
    .text                                    0x080001e4   Section        0  adc.o(.text)
    .text                                    0x0800028c   Section      124  datainit_ctboard.o(.text)
    .text                                    0x08000308   Section       36  startup_ctboard.o(.text)
    .text                                    0x0800032c   Section        0  system_ctboard.o(.text)
    init_LCD                                 0x0800032d   Thumb Code    12  system_ctboard.o(.text)
    init_FMC_SRAM                            0x08000339   Thumb Code   266  system_ctboard.o(.text)
    init_FPU                                 0x08000443   Thumb Code     2  system_ctboard.o(.text)
    init_SystemClock                         0x08000445   Thumb Code   170  system_ctboard.o(.text)
    .text                                    0x0800053c   Section        0  hal_fmc.o(.text)
    .text                                    0x08000734   Section        0  hal_gpio.o(.text)
    create_pattern_mask                      0x08000777   Thumb Code    92  hal_gpio.o(.text)
    intercept_overwrite_register             0x080007d3   Thumb Code    22  hal_gpio.o(.text)
    get_syscfg_mask                          0x08000a0f   Thumb Code   106  hal_gpio.o(.text)
    .text                                    0x08000cf0   Section        0  hal_pwr.o(.text)
    .text                                    0x08000dd8   Section        0  hal_rcc.o(.text)
    .text                                    0x080011dc   Section      346  aeabi_sdiv.o(.text)
    i.__ARM_common_switch8                   0x08001336   Section        0  hal_rcc.o(i.__ARM_common_switch8)
    myCode                                   0x08001354   Section      144  struct_code.o(myCode)
    myConstants                              0x080013e4   Section        8  struct_code.o(myConstants)
    DISPLAY_BIT                              0x080013e4   Data           4  struct_code.o(myConstants)
    STACK                                    0x20000000   Section     8192  startup_ctboard.o(STACK)
    __initial_sp                             0x20002000   Data           0  startup_ctboard.o(STACK)

    Global Symbols

    Symbol Name                              Value     Ov Type        Size  Object(Section)

    BuildAttributes$$THM_ISAv3M$S$PE$A:L22$X:L11$S22$IEEE1$IW$USESV6$~STKCKD$USESV7$~SHL$OSPACE$ROPI$EBA8$STANDARDLIB$REQ8$PRES8$EABIv2 0x00000000   Number         0  anon$$obj.o ABSOLUTE
    Image$$ER_IROM1$$Limit                    - Undefined Weak Reference
    Image$$RW_IRAM1$$Base                     - Undefined Weak Reference
    Image$$RW_IRAM1$$ZI$$Base                 - Undefined Weak Reference
    Image$$RW_IRAM1$$ZI$$Limit                - Undefined Weak Reference
    __sigvec_lookup                           - Undefined Weak Reference
    __Vectors_Size                           0x000001ac   Number         0  startup_ctboard.o ABSOLUTE
    Stack_Size                               0x00002000   Number         0  startup_ctboard.o ABSOLUTE
    __Vectors                                0x08000000   Data           4  startup_ctboard.o(RESET)
    __Vectors_End                            0x080001ac   Data           0  startup_ctboard.o(RESET)
    __aeabi_memcpy4                          0x080001ad   Thumb Code    56  rt_memcpy.o(.emb_text)
    __aeabi_memcpy8                          0x080001ad   Thumb Code     0  rt_memcpy.o(.emb_text)
    adc_init                                 0x080001e5   Thumb Code   106  adc.o(.text)
    adc_get_value                            0x0800024f   Thumb Code    48  adc.o(.text)
    __main                                   0x0800028d   Thumb Code    74  datainit_ctboard.o(.text)
    Reset_Handler                            0x08000309   Thumb Code     8  startup_ctboard.o(.text)
    NMI_Handler                              0x08000311   Thumb Code     2  startup_ctboard.o(.text)
    HardFault_Handler                        0x08000313   Thumb Code     2  startup_ctboard.o(.text)
    MemManage_Handler                        0x08000315   Thumb Code     2  startup_ctboard.o(.text)
    BusFault_Handler                         0x08000317   Thumb Code     2  startup_ctboard.o(.text)
    UsageFault_Handler                       0x08000319   Thumb Code     2  startup_ctboard.o(.text)
    SVC_Handler                              0x0800031b   Thumb Code     2  startup_ctboard.o(.text)
    DebugMon_Handler                         0x0800031d   Thumb Code     2  startup_ctboard.o(.text)
    PendSV_Handler                           0x0800031f   Thumb Code     2  startup_ctboard.o(.text)
    SysTick_Handler                          0x08000321   Thumb Code     2  startup_ctboard.o(.text)
    ADC_IRQHandler                           0x08000323   Thumb Code     0  startup_ctboard.o(.text)
    CAN1_RX0_IRQHandler                      0x08000323   Thumb Code     0  startup_ctboard.o(.text)
    CAN1_RX1_IRQHandler                      0x08000323   Thumb Code     0  startup_ctboard.o(.text)
    CAN1_SCE_IRQHandler                      0x08000323   Thumb Code     0  startup_ctboard.o(.text)
    CAN1_TX_IRQHandler                       0x08000323   Thumb Code     0  startup_ctboard.o(.text)
    CAN2_RX0_IRQHandler                      0x08000323   Thumb Code     0  startup_ctboard.o(.text)
    CAN2_RX1_IRQHandler                      0x08000323   Thumb Code     0  startup_ctboard.o(.text)
    CAN2_SCE_IRQHandler                      0x08000323   Thumb Code     0  startup_ctboard.o(.text)
    CAN2_TX_IRQHandler                       0x08000323   Thumb Code     0  startup_ctboard.o(.text)
    CRYP_IRQHandler                          0x08000323   Thumb Code     0  startup_ctboard.o(.text)
    DCMI_IRQHandler                          0x08000323   Thumb Code     0  startup_ctboard.o(.text)
    DMA1_Stream0_IRQHandler                  0x08000323   Thumb Code     0  startup_ctboard.o(.text)
    DMA1_Stream1_IRQHandler                  0x08000323   Thumb Code     0  startup_ctboard.o(.text)
    DMA1_Stream2_IRQHandler                  0x08000323   Thumb Code     0  startup_ctboard.o(.text)
    DMA1_Stream3_IRQHandler                  0x08000323   Thumb Code     0  startup_ctboard.o(.text)
    DMA1_Stream4_IRQHandler                  0x08000323   Thumb Code     0  startup_ctboard.o(.text)
    DMA1_Stream5_IRQHandler                  0x08000323   Thumb Code     0  startup_ctboard.o(.text)
    DMA1_Stream6_IRQHandler                  0x08000323   Thumb Code     0  startup_ctboard.o(.text)
    DMA1_Stream7_IRQHandler                  0x08000323   Thumb Code     0  startup_ctboard.o(.text)
    DMA2D_IRQHandler                         0x08000323   Thumb Code     0  startup_ctboard.o(.text)
    DMA2_Stream0_IRQHandler                  0x08000323   Thumb Code     0  startup_ctboard.o(.text)
    DMA2_Stream1_IRQHandler                  0x08000323   Thumb Code     0  startup_ctboard.o(.text)
    DMA2_Stream2_IRQHandler                  0x08000323   Thumb Code     0  startup_ctboard.o(.text)
    DMA2_Stream3_IRQHandler                  0x08000323   Thumb Code     0  startup_ctboard.o(.text)
    DMA2_Stream4_IRQHandler                  0x08000323   Thumb Code     0  startup_ctboard.o(.text)
    DMA2_Stream5_IRQHandler                  0x08000323   Thumb Code     0  startup_ctboard.o(.text)
    DMA2_Stream6_IRQHandler                  0x08000323   Thumb Code     0  startup_ctboard.o(.text)
    DMA2_Stream7_IRQHandler                  0x08000323   Thumb Code     0  startup_ctboard.o(.text)
    ETH_IRQHandler                           0x08000323   Thumb Code     0  startup_ctboard.o(.text)
    ETH_WKUP_IRQHandler                      0x08000323   Thumb Code     0  startup_ctboard.o(.text)
    EXTI0_IRQHandler                         0x08000323   Thumb Code     0  startup_ctboard.o(.text)
    EXTI15_10_IRQHandler                     0x08000323   Thumb Code     0  startup_ctboard.o(.text)
    EXTI1_IRQHandler                         0x08000323   Thumb Code     0  startup_ctboard.o(.text)
    EXTI2_IRQHandler                         0x08000323   Thumb Code     0  startup_ctboard.o(.text)
    EXTI3_IRQHandler                         0x08000323   Thumb Code     0  startup_ctboard.o(.text)
    EXTI4_IRQHandler                         0x08000323   Thumb Code     0  startup_ctboard.o(.text)
    EXTI9_5_IRQHandler                       0x08000323   Thumb Code     0  startup_ctboard.o(.text)
    FLASH_IRQHandler                         0x08000323   Thumb Code     0  startup_ctboard.o(.text)
    FMC_IRQHandler                           0x08000323   Thumb Code     0  startup_ctboard.o(.text)
    FPU_IRQHandler                           0x08000323   Thumb Code     0  startup_ctboard.o(.text)
    HASH_RNG_IRQHandler                      0x08000323   Thumb Code     0  startup_ctboard.o(.text)
    I2C1_ER_IRQHandler                       0x08000323   Thumb Code     0  startup_ctboard.o(.text)
    I2C1_EV_IRQHandler                       0x08000323   Thumb Code     0  startup_ctboard.o(.text)
    I2C2_ER_IRQHandler                       0x08000323   Thumb Code     0  startup_ctboard.o(.text)
    I2C2_EV_IRQHandler                       0x08000323   Thumb Code     0  startup_ctboard.o(.text)
    I2C3_ER_IRQHandler                       0x08000323   Thumb Code     0  startup_ctboard.o(.text)
    I2C3_EV_IRQHandler                       0x08000323   Thumb Code     0  startup_ctboard.o(.text)
    LTDC_ER_IRQHandler                       0x08000323   Thumb Code     0  startup_ctboard.o(.text)
    LTDC_IRQHandler                          0x08000323   Thumb Code     0  startup_ctboard.o(.text)
    OTG_FS_IRQHandler                        0x08000323   Thumb Code     0  startup_ctboard.o(.text)
    OTG_FS_WKUP_IRQHandler                   0x08000323   Thumb Code     0  startup_ctboard.o(.text)
    OTG_HS_EP1_IN_IRQHandler                 0x08000323   Thumb Code     0  startup_ctboard.o(.text)
    OTG_HS_EP1_OUT_IRQHandler                0x08000323   Thumb Code     0  startup_ctboard.o(.text)
    OTG_HS_IRQHandler                        0x08000323   Thumb Code     0  startup_ctboard.o(.text)
    OTG_HS_WKUP_IRQHandler                   0x08000323   Thumb Code     0  startup_ctboard.o(.text)
    PVD_IRQHandler                           0x08000323   Thumb Code     0  startup_ctboard.o(.text)
    RCC_IRQHandler                           0x08000323   Thumb Code     0  startup_ctboard.o(.text)
    RTC_Alarm_IRQHandler                     0x08000323   Thumb Code     0  startup_ctboard.o(.text)
    RTC_WKUP_IRQHandler                      0x08000323   Thumb Code     0  startup_ctboard.o(.text)
    SAI1_IRQHandler                          0x08000323   Thumb Code     0  startup_ctboard.o(.text)
    SDIO_IRQHandler                          0x08000323   Thumb Code     0  startup_ctboard.o(.text)
    SPI1_IRQHandler                          0x08000323   Thumb Code     0  startup_ctboard.o(.text)
    SPI2_IRQHandler                          0x08000323   Thumb Code     0  startup_ctboard.o(.text)
    SPI3_IRQHandler                          0x08000323   Thumb Code     0  startup_ctboard.o(.text)
    SPI4_IRQHandler                          0x08000323   Thumb Code     0  startup_ctboard.o(.text)
    SPI5_IRQHandler                          0x08000323   Thumb Code     0  startup_ctboard.o(.text)
    SPI6_IRQHandler                          0x08000323   Thumb Code     0  startup_ctboard.o(.text)
    TAMP_STAMP_IRQHandler                    0x08000323   Thumb Code     0  startup_ctboard.o(.text)
    TIM1_BRK_TIM9_IRQHandler                 0x08000323   Thumb Code     0  startup_ctboard.o(.text)
    TIM1_CC_IRQHandler                       0x08000323   Thumb Code     0  startup_ctboard.o(.text)
    TIM1_TRG_COM_TIM11_IRQHandler            0x08000323   Thumb Code     0  startup_ctboard.o(.text)
    TIM1_UP_TIM10_IRQHandler                 0x08000323   Thumb Code     0  startup_ctboard.o(.text)
    TIM2_IRQHandler                          0x08000323   Thumb Code     0  startup_ctboard.o(.text)
    TIM3_IRQHandler                          0x08000323   Thumb Code     0  startup_ctboard.o(.text)
    TIM4_IRQHandler                          0x08000323   Thumb Code     0  startup_ctboard.o(.text)
    TIM5_IRQHandler                          0x08000323   Thumb Code     0  startup_ctboard.o(.text)
    TIM6_DAC_IRQHandler                      0x08000323   Thumb Code     0  startup_ctboard.o(.text)
    TIM7_IRQHandler                          0x08000323   Thumb Code     0  startup_ctboard.o(.text)
    TIM8_BRK_TIM12_IRQHandler                0x08000323   Thumb Code     0  startup_ctboard.o(.text)
    TIM8_CC_IRQHandler                       0x08000323   Thumb Code     0  startup_ctboard.o(.text)
    TIM8_TRG_COM_TIM14_IRQHandler            0x08000323   Thumb Code     0  startup_ctboard.o(.text)
    TIM8_UP_TIM13_IRQHandler                 0x08000323   Thumb Code     0  startup_ctboard.o(.text)
    UART4_IRQHandler                         0x08000323   Thumb Code     0  startup_ctboard.o(.text)
    UART5_IRQHandler                         0x08000323   Thumb Code     0  startup_ctboard.o(.text)
    UART7_IRQHandler                         0x08000323   Thumb Code     0  startup_ctboard.o(.text)
    UART8_IRQHandler                         0x08000323   Thumb Code     0  startup_ctboard.o(.text)
    USART1_IRQHandler                        0x08000323   Thumb Code     0  startup_ctboard.o(.text)
    USART2_IRQHandler                        0x08000323   Thumb Code     0  startup_ctboard.o(.text)
    USART3_IRQHandler                        0x08000323   Thumb Code     0  startup_ctboard.o(.text)
    USART6_IRQHandler                        0x08000323   Thumb Code     0  startup_ctboard.o(.text)
    WWDG_IRQHandler                          0x08000323   Thumb Code     0  startup_ctboard.o(.text)
    system_enter_run                         0x080004ef   Thumb Code    20  system_ctboard.o(.text)
    __system                                 0x08000503   Thumb Code     8  system_ctboard.o(.text)
    system_enter_sleep                       0x0800050b   Thumb Code     2  system_ctboard.o(.text)
    system_enter_stop                        0x0800050d   Thumb Code     2  system_ctboard.o(.text)
    system_enter_standby                     0x0800050f   Thumb Code     2  system_ctboard.o(.text)
    hal_fmc_reset                            0x0800053d   Thumb Code    84  hal_fmc.o(.text)
    hal_fmc_init_sram                        0x08000591   Thumb Code   412  hal_fmc.o(.text)
    hal_gpio_reset                           0x08000735   Thumb Code    66  hal_gpio.o(.text)
    hal_gpio_init_input                      0x080007e9   Thumb Code    90  hal_gpio.o(.text)
    hal_gpio_init_analog                     0x08000843   Thumb Code    50  hal_gpio.o(.text)
    hal_gpio_init_output                     0x08000875   Thumb Code   152  hal_gpio.o(.text)
    hal_gpio_init_alternate                  0x0800090d   Thumb Code   130  hal_gpio.o(.text)
    hal_gpio_input_read                      0x0800098f   Thumb Code     8  hal_gpio.o(.text)
    hal_gpio_output_read                     0x08000997   Thumb Code     8  hal_gpio.o(.text)
    hal_gpio_output_write                    0x0800099f   Thumb Code    20  hal_gpio.o(.text)
    hal_gpio_bit_set                         0x080009b3   Thumb Code    24  hal_gpio.o(.text)
    hal_gpio_bit_reset                       0x080009cb   Thumb Code    26  hal_gpio.o(.text)
    hal_gpio_bit_toggle                      0x080009e5   Thumb Code    42  hal_gpio.o(.text)
    hal_gpio_irq_set                         0x08000a79   Thumb Code   576  hal_gpio.o(.text)
    hal_gpio_irq_status                      0x08000cb9   Thumb Code    32  hal_gpio.o(.text)
    hal_gpio_irq_clear                       0x08000cd9   Thumb Code    12  hal_gpio.o(.text)
    hal_pwr_reset                            0x08000cf1   Thumb Code    14  hal_pwr.o(.text)
    hal_pwr_set_backup_domain                0x08000cff   Thumb Code    94  hal_pwr.o(.text)
    hal_pwr_set_backup_access                0x08000d5d   Thumb Code    36  hal_pwr.o(.text)
    hal_pwr_set_wakeup_pin                   0x08000d81   Thumb Code    36  hal_pwr.o(.text)
    hal_pwr_set_flash_powerdown              0x08000da5   Thumb Code    36  hal_pwr.o(.text)
    hal_pwr_set_overdrive                    0x08000dc9   Thumb Code     6  hal_pwr.o(.text)
    hal_pwr_set_underdrive                   0x08000dcf   Thumb Code     6  hal_pwr.o(.text)
    hal_rcc_reset                            0x08000dd9   Thumb Code   138  hal_rcc.o(.text)
    hal_rcc_set_peripheral                   0x08000e63   Thumb Code   256  hal_rcc.o(.text)
    hal_rcc_set_osc                          0x08000f63   Thumb Code   148  hal_rcc.o(.text)
    hal_rcc_setup_pll                        0x08000ff7   Thumb Code   314  hal_rcc.o(.text)
    hal_rcc_setup_clock                      0x08001131   Thumb Code   172  hal_rcc.o(.text)
    __aeabi_uidiv                            0x080011dd   Thumb Code     0  aeabi_sdiv.o(.text)
    __aeabi_uidivmod                         0x080011dd   Thumb Code    20  aeabi_sdiv.o(.text)
    __aeabi_idiv                             0x080011f1   Thumb Code     0  aeabi_sdiv.o(.text)
    __aeabi_idivmod                          0x080011f1   Thumb Code   326  aeabi_sdiv.o(.text)
    __ARM_common_switch8                     0x08001337   Thumb Code    28  hal_rcc.o(i.__ARM_common_switch8)
    main                                     0x08001355   Thumb Code   102  struct_code.o(myCode)
    Image$$RO$$Limit                         0x080013ec   Number         0  anon$$obj.o ABSOLUTE
    Image$$RW$$Base                          0x20000000   Number         0  anon$$obj.o ABSOLUTE
    Image$$ZI$$Base                          0x20000000   Number         0  anon$$obj.o ABSOLUTE
    Stack_Mem                                0x20000000   Data        8192  startup_ctboard.o(STACK)
    Image$$ZI$$Limit                         0x20002000   Number         0  anon$$obj.o ABSOLUTE



==============================================================================

Memory Map of the image

  Image Entry point : 0x08000309

  Load Region LR_1 (Base: 0x08000000, Size: 0x000013ec, Max: 0xffffffff, ABSOLUTE)

    Execution Region ER_RO (Exec base: 0x08000000, Load base: 0x08000000, Size: 0x000013ec, Max: 0xffffffff, ABSOLUTE)

    Exec Addr    Load Addr    Size         Type   Attr      Idx    E Section Name        Object

    0x08000000   0x08000000   0x000001ac   Data   RO           33    RESET               startup_ctboard.o
    0x080001ac   0x080001ac   0x00000038   Code   RO          126    .emb_text           c_p.l(rt_memcpy.o)
    0x080001e4   0x080001e4   0x000000a8   Code   RO            1    .text               adc.o
    0x0800028c   0x0800028c   0x0000007c   Code   RO           27    .text               datainit_ctboard.o
    0x08000308   0x08000308   0x00000024   Code   RO           34  * .text               startup_ctboard.o
    0x0800032c   0x0800032c   0x00000210   Code   RO           38    .text               system_ctboard.o
    0x0800053c   0x0800053c   0x000001f8   Code   RO           74    .text               hal_fmc.o
    0x08000734   0x08000734   0x000005bc   Code   RO           86    .text               hal_gpio.o
    0x08000cf0   0x08000cf0   0x000000e8   Code   RO           98    .text               hal_pwr.o
    0x08000dd8   0x08000dd8   0x00000404   Code   RO          110    .text               hal_rcc.o
    0x080011dc   0x080011dc   0x0000015a   Code   RO          130    .text               c_p.l(aeabi_sdiv.o)
    0x08001336   0x08001336   0x0000001c   Code   RO          119    i.__ARM_common_switch8  hal_rcc.o
    0x08001352   0x08001352   0x00000002   PAD
    0x08001354   0x08001354   0x00000090   Code   RO           22  * myCode              struct_code.o
    0x080013e4   0x080013e4   0x00000008   Data   RO           21    myConstants         struct_code.o


    Execution Region ER_RW (Exec base: 0x20000000, Load base: 0x080013ec, Size: 0x00000000, Max: 0xffffffff, ABSOLUTE)

    **** No section assigned to this execution region ****


    Execution Region ER_ZI (Exec base: 0x20000000, Load base: 0x080013ec, Size: 0x00002000, Max: 0xffffffff, ABSOLUTE)

    Exec Addr    Load Addr    Size         Type   Attr      Idx    E Section Name        Object

    0x20000000        -       0x00002000   Zero   RW           31    STACK               startup_ctboard.o


==============================================================================

Image component sizes


      Code (inc. data)   RO Data    RW Data    ZI Data      Debug   Object Name

       168         14          0          0          0      37893   adc.o
       124         50          0          0          0        472   datainit_ctboard.o
       504          8          0          0          0       1178   hal_fmc.o
      1468         60          0          0          0       5754   hal_gpio.o
       232          4          0          0          0       1832   hal_pwr.o
      1056         66          0          0          0       2933   hal_rcc.o
        36          8        428          0       8192        872   startup_ctboard.o
       144         42          8          0          0        460   struct_code.o
       528         44          0          0          0       7654   system_ctboard.o

    ----------------------------------------------------------------------
      4262        296        436          0       8192      59048   Object Totals
         0          0          0          0          0          0   (incl. Generated)
         2          0          0          0          0          0   (incl. Padding)

    ----------------------------------------------------------------------

      Code (inc. data)   RO Data    RW Data    ZI Data      Debug   Library Member Name

       346          0          0          0          0         92   aeabi_sdiv.o
        56          0          0          0          0         68   rt_memcpy.o

    ----------------------------------------------------------------------
       402          0          0          0          0        160   Library Totals
         0          0          0          0          0          0   (incl. Padding)

    ----------------------------------------------------------------------

      Code (inc. data)   RO Data    RW Data    ZI Data      Debug   Library Name

       402          0          0          0          0        160   c_p.l

    ----------------------------------------------------------------------
       402          0          0          0          0        160   Library Totals

    ----------------------------------------------------------------------

==============================================================================


      Code (inc. data)   RO Data    RW Data    ZI Data      Debug   

      4664        296        436          0       8192      58516   Grand Totals
      4664        296        436          0       8192      58516   ELF Image Totals
      4664        296        436          0          0          0   ROM Totals

==============================================================================

    Total RO  Size (Code + RO Data)                 5100 (   4.98kB)
    Total RW  Size (RW Data + ZI Data)              8192 (   8.00kB)
    Total ROM Size (Code + RO Data + RW Data)       5100 (   4.98kB)

==============================================================================

